Microchip MPLAB XC8 Compiler V2.05 ()

Linker command line:

-W-3 --edf=C:\Program Files (x86)\Microchip\xc8\v2.05\pic\dat\en_msgs.txt \
  -cs -h+dist/default/production\LunOS_v1.X.production.sym \
  --cmf=dist/default/production\LunOS_v1.X.production.cmf -z -Q18F4520 \
  -oC:\Users\Eriel\AppData\Local\Temp\sas8.2 --defsym=__MPLAB_BUILD=1 \
  -Mdist/default/production/LunOS_v1.X.production.map -E1 -ver=XC8 \
  --acfsm=1493 -ASTACK=0538h-05FFh -pstack=STACK -ACODE=00h-07FFFh \
  -ACONST=00h-07FFFh -ASMALLCONST=0600h-06FFhx122 \
  -AMEDIUMCONST=0600h-07FFFh -ACOMRAM=01h-07Fh -AABS1=00h-05FFh \
  -ABIGRAM=01h-05FFh -ARAM=080h-0FFh,0100h-01FFhx5 -ABANK0=080h-0FFh \
  -ABANK1=0100h-01FFh -ABANK2=0200h-02FFh -ABANK3=0300h-03FFh \
  -ABANK4=0400h-04FFh -ABANK5=0500h-05FFh -ASFR=0F80h-0FFFh \
  -preset_vec=00h,intcode=08h,intcodelo,powerup,init -pramtop=0600h \
  -psmallconst=SMALLCONST -pmediumconst=MEDIUMCONST -pconst=CONST \
  -AFARRAM=00h-00h -ACONFIG=0300000h-030000Dh -pconfig=CONFIG \
  -AIDLOC=0200000h-0200007h -pidloc=IDLOC -AEEDATA=0F00000h-0F000FFh \
  -peeprom_data=EEDATA \
  -prdata=COMRAM,nvrram=COMRAM,nvbit=COMRAM,rbss=COMRAM,rbit=COMRAM \
  -pfarbss=FARRAM,fardata=FARRAM,nvFARRAM=FARRAM \
  -pintsave_regs=BIGRAM,bigbss=BIGRAM,bigdata=BIGRAM -pbss=RAM \
  -pidata=CODE,irdata=CODE,ibigdata=CODE,ifardata=CODE -prparam=COMRAM \
  C:\Users\Eriel\AppData\Local\Temp\sas8.o \
  dist/default/production\LunOS_v1.X.production.o 

Object code version is 3.11

Machine type is 18F4520

Call graph: (short form)




                Name                               Link     Load   Length Selector   Space Scale
C:\Users\Eriel\AppData\Local\Temp\sas8.o
                stack                               538      538       C8      538       2
                init                                  C        C        8        4       0
                reset_vec                             0        0        4        0       0
                idloc                            200000   200000        8   200000       0
                config                           300000   300000        E   300000       0
dist/default/production\LunOS_v1.X.production.o
                intcode                               8        8        4        4       0
                temp                                 47       47       20        1       1
                text24                             1232     1232       96        4       0
                text23                              996      996      110        4       0
                intcode_body                         14       14      4C8        4       0
                text21                              CBC      CBC      108        4       0
                text20                             15D2     15D2       40        4       0
                text19                              BB2      BB2      10A        4       0
                text18                              EC6      EC6      102        4       0
                text17                             153A     153A       4E        4       0
                text16                             1644     1644       2C        4       0
                text15                              DC4      DC4      102        4       0
                text14                              FC8      FC8       E0        4       0
                text13                             14CA     14CA       70        4       0
                text12                             1698     1698        4        4       0
                text11                             1682     1682       10        4       0
                text10                             1670     1670       12        4       0
                text9                              1176     1176       BC        4       0
                text8                              12C8     12C8       90        4       0
                text7                              1692     1692        6        4       0
                text6                               4DC      4DC      4BA        4       0
                text5                              10A8     10A8       CE        4       0
                text4                               AA6      AA6      10C        4       0
                text3                              1612     1612       32        4       0
                text2                              145A     145A       70        4       0
                text1                              1358     1358       84        4       0
                text0                              13DC     13DC       7E        4       0
                cstackCOMRAM                         67       67        E        1       1
                bssBIGRAM                            A0       A0      498       A0       1
                bssBANK0                             80       80       20       80       1
                dataCOMRAM                           75       75        2        1       1
                bssCOMRAM                             1        1       46        1       1
                cinit                              1588     1588       4A        4       0
                idataCOMRAM                        169C     169C        2        4       0

TOTAL           Name                               Link     Load   Length     Space
        CLASS   STACK          
                stack                               538      538       C8         2

        CLASS   CODE           
                intcode                               8        8        4         0
                init                                  C        C        8         0
                reset_vec                             0        0        4         0
                text24                             1232     1232       96         0
                text23                              996      996      110         0
                intcode_body                         14       14      4C8         0
                text21                              CBC      CBC      108         0
                text20                             15D2     15D2       40         0
                text19                              BB2      BB2      10A         0
                text18                              EC6      EC6      102         0
                text17                             153A     153A       4E         0
                text16                             1644     1644       2C         0
                text15                              DC4      DC4      102         0
                text14                              FC8      FC8       E0         0
                text13                             14CA     14CA       70         0
                text12                             1698     1698        4         0
                text11                             1682     1682       10         0
                text10                             1670     1670       12         0
                text9                              1176     1176       BC         0
                text8                              12C8     12C8       90         0
                text7                              1692     1692        6         0
                text6                               4DC      4DC      4BA         0
                text5                              10A8     10A8       CE         0
                text4                               AA6      AA6      10C         0
                text3                              1612     1612       32         0
                text2                              145A     145A       70         0
                text1                              1358     1358       84         0
                text0                              13DC     13DC       7E         0
                cinit                              1588     1588       4A         0
                idataCOMRAM                        169C     169C        2         0

        CLASS   CONST          

        CLASS   SMALLCONST     

        CLASS   MEDIUMCONST    

        CLASS   COMRAM         
                temp                                 47       47       20         1
                cstackCOMRAM                         67       67        E         1
                dataCOMRAM                           75       75        2         1
                bssCOMRAM                             1        1       46         1

        CLASS   ABS1           

        CLASS   BIGRAM         
                bssBIGRAM                            A0       A0      498         1

        CLASS   RAM            

        CLASS   BANK0          
                bssBANK0                             80       80       20         1

        CLASS   BANK1          

        CLASS   BANK2          

        CLASS   BANK3          

        CLASS   BANK4          

        CLASS   BANK5          

        CLASS   SFR            

        CLASS   FARRAM         

        CLASS   CONFIG         
                config                           300000   300000        E         0

        CLASS   IDLOC          
                idloc                            200000   200000        8         0

        CLASS   EEDATA         



SEGMENTS        Name                           Load    Length   Top    Selector   Space  Class

                reset_vec                      000000  000004  000004         0       0  CODE    
                bssCOMRAM                      000001  000076  000077         1       1  COMRAM  
                intcode                        000008  001696  00169E         4       0  CODE    
                bssBANK0                       000080  000020  0000A0        80       1  BANK0   
                bssBIGRAM                      0000A0  000498  000538        A0       1  BIGRAM  
                stack                          000538  0000C8  000600       538       2  STACK   
                idloc                          200000  000008  200008    200000       0  IDLOC   
                config                         300000  00000E  30000E    300000       0  CONFIG  


UNUSED ADDRESS RANGES

        Name                Unused          Largest block    Delta
        BANK5            000538-0005FF               C8
        BIGRAM           000077-00007F                9
                         000538-0005FF               C8
        CODE             000004-000007                4
                         00169E-007FFF             6962
        COMRAM           000077-00007F                9
        CONST            000004-000007                4
                         00169E-007FFF             6962
        EEDATA           F00000-F000FF              100
        MEDIUMCONST      00169E-007FFF             6962
        RAM              000538-0005FF               C8
        SFR              000F80-000FFF               80
        SMALLCONST       00169E-007FFF              100

                                  Symbol Table

_BSR                       (abs)        000FE0
_INTCON2bits               (abs)        000FF1
_INTCONbits                (abs)        000FF2
_ISR_timer0                intcode      000008
_PORTBbits                 (abs)        000F81
_PORTCbits                 (abs)        000F82
_PORTDbits                 (abs)        000F83
_SRAMInitHeap              text5        0010A8
_STATUS                    (abs)        000FD8
_STKPTR                    (abs)        000FFC
_T0CONbits                 (abs)        000FD5
_TMR0L                     (abs)        000FD6
_TOS                       (abs)        000FFD
_TOSH                      (abs)        000FFE
_TOSL                      (abs)        000FFD
_TOSU                      (abs)        000FFF
_TRISB                     (abs)        000F93
_TRISC                     (abs)        000F94
_TRISD                     (abs)        000F95
_TRISDbits                 (abs)        000F95
_WREG                      (abs)        000FE8
__CFG_PBADEN$OFF           (abs)        000000
__CFG_WDT$OFF              (abs)        000000
__HRAM                     (abs)        000000
__Habs1                    abs1         000000
__Hbank0                   bank0        000000
__Hbank1                   bank1        000000
__Hbank2                   bank2        000000
__Hbank3                   bank3        000000
__Hbank4                   bank4        000000
__Hbank5                   bank5        000000
__Hbigbss                  bigbss       000000
__Hbigdata                 bigdata      000000
__Hbigram                  bigram       000000
__Hbss                     bss          000000
__HbssBANK0                bssBANK0     000000
__HbssBIGRAM               bssBIGRAM    000000
__HbssCOMRAM               bssCOMRAM    000000
__Hcinit                   cinit        000000
__Hclrtext                 clrtext      000000
__Hcomram                  comram       000000
__Hconfig                  config       30000E
__Hconst                   const        000000
__HcstackCOMRAM            cstackCOMRAM 000000
__Hdata                    data         000000
__HdataCOMRAM              dataCOMRAM   000000
__Heeprom_data             eeprom_data  000000
__Hfarbss                  farbss       000000
__Hfardata                 fardata      000000
__Hibigdata                ibigdata     000000
__Hidata                   idata        000000
__HidataCOMRAM             idataCOMRAM  000000
__Hidloc                   idloc        200008
__Hifardata                ifardata     000000
__Hinit                    init         000014
__Hintcode                 intcode      00000C
__Hintcode_body            intcode_body 000000
__Hintcodelo               intcodelo    00000C
__Hintentry                intentry     000000
__Hintret                  intret       000000
__Hintsave_regs            intsave_regs 000000
__Hirdata                  irdata       000000
__Hmediumconst             mediumconst  000000
__HnvFARRAM                nvFARRAM     000000
__Hnvbit                   nvbit        000000
__Hnvrram                  nvrram       000000
__Hparam                   rparam       000000
__Hpowerup                 powerup      00000C
__Hram                     ram          000000
__Hramtop                  ramtop       000600
__Hrbit                    rbit         000000
__Hrbss                    rbss         000000
__Hrdata                   rdata        000000
__Hreset_vec               reset_vec    000004
__Hrparam                  rparam       000000
__Hsfr                     sfr          000000
__Hsmallconst              smallconst   000000
__Hspace_0                 (abs)        30000E
__Hspace_1                 (abs)        000538
__Hspace_2                 (abs)        000600
__Hstack                   stack        000600
__Hstruct                  struct       000000
__Htemp                    temp         000067
__Htext                    text         000000
__Htext0                   text0        000000
__Htext1                   text1        000000
__Htext10                  text10       000000
__Htext11                  text11       000000
__Htext12                  text12       000000
__Htext13                  text13       000000
__Htext14                  text14       000000
__Htext15                  text15       000000
__Htext16                  text16       000000
__Htext17                  text17       000000
__Htext18                  text18       000000
__Htext19                  text19       000000
__Htext2                   text2        000000
__Htext20                  text20       000000
__Htext21                  text21       000000
__Htext23                  text23       000000
__Htext24                  text24       000000
__Htext25                  text25       000000
__Htext3                   text3        000000
__Htext4                   text4        000000
__Htext5                   text5        000000
__Htext6                   text6        000000
__Htext7                   text7        000000
__Htext8                   text8        000000
__Htext9                   text9        000000
__LRAM                     (abs)        000001
__Labs1                    abs1         000000
__Lbank0                   bank0        000000
__Lbank1                   bank1        000000
__Lbank2                   bank2        000000
__Lbank3                   bank3        000000
__Lbank4                   bank4        000000
__Lbank5                   bank5        000000
__Lbigbss                  bigbss       000000
__Lbigdata                 bigdata      000000
__Lbigram                  bigram       000000
__Lbss                     bss          000000
__LbssBANK0                bssBANK0     000000
__LbssBIGRAM               bssBIGRAM    000000
__LbssCOMRAM               bssCOMRAM    000000
__Lcinit                   cinit        000000
__Lclrtext                 clrtext      000000
__Lcomram                  comram       000000
__Lconfig                  config       300000
__Lconst                   const        000000
__LcstackCOMRAM            cstackCOMRAM 000000
__Ldata                    data         000000
__LdataCOMRAM              dataCOMRAM   000000
__Leeprom_data             eeprom_data  000000
__Lfarbss                  farbss       000000
__Lfardata                 fardata      000000
__Libigdata                ibigdata     000000
__Lidata                   idata        000000
__LidataCOMRAM             idataCOMRAM  000000
__Lidloc                   idloc        200000
__Lifardata                ifardata     000000
__Linit                    init         00000C
__Lintcode                 intcode      000008
__Lintcode_body            intcode_body 000000
__Lintcodelo               intcodelo    00000C
__Lintentry                intentry     000000
__Lintret                  intret       000000
__Lintsave_regs            intsave_regs 000000
__Lirdata                  irdata       000000
__Lmediumconst             mediumconst  000000
__LnvFARRAM                nvFARRAM     000000
__Lnvbit                   nvbit        000000
__Lnvrram                  nvrram       000000
__Lparam                   rparam       000000
__Lpowerup                 powerup      00000C
__Lram                     ram          000000
__Lramtop                  ramtop       000600
__Lrbit                    rbit         000000
__Lrbss                    rbss         000000
__Lrdata                   rdata        000000
__Lreset_vec               reset_vec    000000
__Lrparam                  rparam       000000
__Lsfr                     sfr          000000
__Lsmallconst              smallconst   000000
__Lspace_0                 (abs)        000000
__Lspace_1                 (abs)        000000
__Lspace_2                 (abs)        000000
__Lstack                   stack        000538
__Lstruct                  struct       000000
__Ltemp                    temp         000047
__Ltext                    text         000000
__Ltext0                   text0        000000
__Ltext1                   text1        000000
__Ltext10                  text10       000000
__Ltext11                  text11       000000
__Ltext12                  text12       000000
__Ltext13                  text13       000000
__Ltext14                  text14       000000
__Ltext15                  text15       000000
__Ltext16                  text16       000000
__Ltext17                  text17       000000
__Ltext18                  text18       000000
__Ltext19                  text19       000000
__Ltext2                   text2        000000
__Ltext20                  text20       000000
__Ltext21                  text21       000000
__Ltext23                  text23       000000
__Ltext24                  text24       000000
__Ltext25                  text25       000000
__Ltext3                   text3        000000
__Ltext4                   text4        000000
__Ltext5                   text5        000000
__Ltext6                   text6        000000
__Ltext7                   text7        000000
__Ltext8                   text8        000000
__Ltext9                   text9        000000
__S0                       (abs)        30000E
__S1                       (abs)        000538
__S2                       (abs)        000600
___inthi_sp                stack        00057C
___intlo_sp                stack        0005BE
___lwmod                   text9        001176
___param_bank              (abs)        000000
___rparam_used             (abs)        000001
___sp                      stack        000538
___wmul                    text24       001232
__accesstop                (abs)        000080
__activetblptr             (abs)        000000
__end_of_ISR_timer0        intcode_body 0004DC
__end_of_SRAMInitHeap      text5        001176
__end_of___lwmod           text9        001232
__end_of___wmul            text24       0012C8
__end_of__initialization   cinit        0015CC
__end_of_check_level       text17       001588
__end_of_config_INT0       text11       001692
__end_of_config_timer0     text10       001682
__end_of_count_bottles     text13       00153A
__end_of_count_out         text20       001612
__end_of_cover_bottle      text18       000FC8
__end_of_delay_decrement   text23       000AA6
__end_of_dispatcher        text6        000996
__end_of_fill_bottle       text16       001670
__end_of_lunos_createTask  text4        000BB2
__end_of_lunos_init        text3        001644
__end_of_main              text0        00145A
__end_of_pipe_read         text21       000DC4
__end_of_pipe_write        text19       000CBC
__end_of_round_robin       text8        001358
__end_of_scheduler         text7        001698
__end_of_sem_init          text2        0014CA
__end_of_sem_post          text15       000EC6
__end_of_sem_wait          text14       0010A8
__end_of_task_idle         text12       00169C
__end_of_user_conf         text1        0013DC
__initialization           cinit        001588
__mediumconst              mediumconst  000000
__pbssBANK0                bssBANK0     000080
__pbssBIGRAM               bssBIGRAM    0000A0
__pbssCOMRAM               bssCOMRAM    000001
__pcinit                   cinit        001588
__pcstackCOMRAM            cstackCOMRAM 000067
__pdataCOMRAM              dataCOMRAM   000075
__pidataCOMRAM             idataCOMRAM  00169C
__pintcode                 intcode      000008
__pintcode_body            intcode_body 000014
__ptext0                   text0        0013DC
__ptext1                   text1        001358
__ptext10                  text10       001670
__ptext11                  text11       001682
__ptext12                  text12       001698
__ptext13                  text13       0014CA
__ptext14                  text14       000FC8
__ptext15                  text15       000DC4
__ptext16                  text16       001644
__ptext17                  text17       00153A
__ptext18                  text18       000EC6
__ptext19                  text19       000BB2
__ptext2                   text2        00145A
__ptext20                  text20       0015D2
__ptext21                  text21       000CBC
__ptext23                  text23       000996
__ptext24                  text24       001232
__ptext25                  text25       000000
__ptext3                   text3        001612
__ptext4                   text4        000AA6
__ptext5                   text5        0010A8
__ptext6                   text6        0004DC
__ptext7                   text7        001692
__ptext8                   text8        0012C8
__ptext9                   text9        001176
__ramtop                   ramtop       000600
__size_of_ISR_timer0       (abs)        000000
__size_of_SRAMInitHeap     (abs)        000000
__size_of___lwmod          (abs)        000000
__size_of___wmul           (abs)        000000
__size_of_check_level      (abs)        000000
__size_of_config_INT0      (abs)        000000
__size_of_config_timer0    (abs)        000000
__size_of_count_bottles    (abs)        000000
__size_of_count_out        (abs)        000000
__size_of_cover_bottle     (abs)        000000
__size_of_delay_decrement  (abs)        000000
__size_of_dispatcher       (abs)        000000
__size_of_fill_bottle      (abs)        000000
__size_of_lunos_createTask (abs)        000000
__size_of_lunos_init       (abs)        000000
__size_of_main             (abs)        000000
__size_of_pipe_read        (abs)        000000
__size_of_pipe_write       (abs)        000000
__size_of_round_robin      (abs)        000000
__size_of_scheduler        (abs)        000000
__size_of_sem_init         (abs)        000000
__size_of_sem_post         (abs)        000000
__size_of_sem_wait         (abs)        000000
__size_of_task_idle        (abs)        000000
__size_of_user_conf        (abs)        000000
__smallconst               smallconst   000000
__uDynamicHeap             bssBIGRAM    000338
_check_level               text17       00153A
_check_sem                 bssCOMRAM    00000B
_config_INT0               text11       001682
_config_timer0             text10       001670
_count_bottles             text13       0014CA
_count_out                 text20       0015D2
_count_sem                 bssCOMRAM    00002B
_cover_bottle              text18       000EC6
_cover_sem                 bssBANK0     000090
_delay_decrement           text23       000996
_dispatcher                text6        0004DC
_fill_bottle               text16       001644
_fill_sem                  bssCOMRAM    00001B
_global_buffer             bssCOMRAM    000001
_lunos_createTask          text4        000AA6
_lunos_init                text3        001612
_main                      text0        0013DC
_out_sem                   bssBANK0     000080
_p                         bssCOMRAM    00003B
_pipe_read                 text21       000CBC
_pipe_write                text19       000BB2
_quantum                   dataCOMRAM   000075
_ready_queue               bssBIGRAM    0000A0
_round_robin               text8        0012C8
_scheduler                 text7        001692
_sem_init                  text2        00145A
_sem_post                  text15       000DC4
_sem_wait                  text14       000FC8
_size                      bssCOMRAM    000007
_task_idle                 text12       001698
_user_conf                 text1        001358
_who                       bssCOMRAM    000009
btemp                      temp         000047
end_of_initialization      cinit        0015CC
int_func                   intcode_body 000014
intlevel0                  text         000000
intlevel1                  text         000000
intlevel2                  text         000000
intlevel3                  text         000000
lltemp0                    temp         000047
lltemp1                    temp         00004F
lltemp2                    temp         000057
lltemp3                    temp         00005F
ltemp0                     temp         000047
ltemp1                     temp         00004B
ltemp2                     temp         00004F
stackhi                    (abs)        0005FF
stacklo                    (abs)        000538
start                      init         00000C
start_initialization       cinit        001588
ttemp0                     temp         000047
ttemp1                     temp         00004A
ttemp2                     temp         00004D
ttemp3                     temp         000050
ttemp5                     temp         000048
ttemp6                     temp         00004B
ttemp7                     temp         00004F
wtemp0                     temp         000047
wtemp1                     temp         000049
wtemp2                     temp         00004B
wtemp3                     temp         00004D
wtemp4                     temp         00004F
wtemp5                     temp         000051
wtemp8                     temp         000048


FUNCTION INFORMATION:

 *************** function _main *****************
 Defined at:
		line 16 in file "main.c"
 Parameters:    Size  Location     Type
		None
 Auto vars:     Size  Location     Type
		None
 Return value:  Size  Location     Type
                  1  [STACK] void 
 Registers used:
		wreg, fsr0l, fsr0h, fsr1l, fsr1h, fsr2l, fsr2h, status,2, status,0, btemp, btemp+1, btemp+6, btemp+7, btemp+8, btemp+9, btemp+10, btemp+11, prodl, prodh
 Tracked objects:
		On entry : 
		On exit  : 
		Unchanged: 
 Data sizes:     COMRAM   BANK0   BANK1   BANK2   BANK3   BANK4   BANK5
      Params:         0       0       0       0       0       0       0
      Locals:         0       0       0       0       0       0       0
      Temps:          0       0       0       0       0       0       0
      Totals:         0       0       0       0       0       0       0
Total ram usage:        0 bytes
 Hardware stack levels required when called:   14
 This function calls:
		_config_INT0
		_config_timer0
		_dispatcher
		_lunos_createTask
		_lunos_init
		_user_conf
 This function is called by:
		Startup code after reset
 This function uses a reentrant model


 *************** function _user_conf *****************
 Defined at:
		line 20 in file "tasks.c"
 Parameters:    Size  Location     Type
		None
 Auto vars:     Size  Location     Type
		None
 Return value:  Size  Location     Type
                  1  [STACK] void 
 Registers used:
		wreg, fsr0l, fsr0h, fsr1l, fsr1h, fsr2l, fsr2h, status,2, status,0, btemp+10, btemp+11
 Tracked objects:
		On entry : 
		On exit  : 
		Unchanged: 
 Data sizes:     COMRAM   BANK0   BANK1   BANK2   BANK3   BANK4   BANK5
      Params:         0       0       0       0       0       0       0
      Locals:         0       0       0       0       0       0       0
      Temps:          0       0       0       0       0       0       0
      Totals:         0       0       0       0       0       0       0
Total ram usage:        0 bytes
 Hardware stack levels used:    1
 Hardware stack levels required when called:   11
 This function calls:
		_sem_init
 This function is called by:
		_main
 This function uses a reentrant model


 *************** function _sem_init *****************
 Defined at:
		line 10 in file "semaphore.c"
 Parameters:    Size  Location     Type
  s               2  [STACK] PTR struct semaphore
		 -> out_sem(16), cover_sem(16), check_sem(16), fill_sem(16), 
		 -> count_sem(16), 
  valor           2  [STACK] int 
 Auto vars:     Size  Location     Type
		None
 Return value:  Size  Location     Type
                  1  [STACK] void 
 Registers used:
		wreg, fsr0l, fsr0h, fsr1l, fsr1h, fsr2l, fsr2h, status,2, status,0, btemp+10, btemp+11
 Tracked objects:
		On entry : 
		On exit  : 
		Unchanged: 
 Data sizes:     COMRAM   BANK0   BANK1   BANK2   BANK3   BANK4   BANK5
      Params:         0       0       0       0       0       0       0
      Locals:         0       0       0       0       0       0       0
      Temps:          0       0       0       0       0       0       0
      Totals:         0       0       0       0       0       0       0
Total ram usage:        0 bytes
 Hardware stack levels used:    1
 Hardware stack levels required when called:   10
 This function calls:
		Nothing
 This function is called by:
		_user_conf
 This function uses a reentrant model


 *************** function _lunos_init *****************
 Defined at:
		line 51 in file "kernel.c"
 Parameters:    Size  Location     Type
		None
 Auto vars:     Size  Location     Type
		None
 Return value:  Size  Location     Type
                  1  [STACK] void 
 Registers used:
		wreg, fsr0l, fsr0h, fsr1l, fsr1h, fsr2l, fsr2h, status,2, status,0, btemp, btemp+8, btemp+9, btemp+10, btemp+11, prodl, prodh
 Tracked objects:
		On entry : 
		On exit  : 
		Unchanged: 
 Data sizes:     COMRAM   BANK0   BANK1   BANK2   BANK3   BANK4   BANK5
      Params:         0       0       0       0       0       0       0
      Locals:         0       0       0       0       0       0       0
      Temps:          0       0       0       0       0       0       0
      Totals:         0       0       0       0       0       0       0
Total ram usage:        0 bytes
 Hardware stack levels used:    1
 Hardware stack levels required when called:   11
 This function calls:
		_SRAMInitHeap
		_lunos_createTask
 This function is called by:
		_main
 This function uses a reentrant model


 *************** function _lunos_createTask *****************
 Defined at:
		line 14 in file "kernel.c"
 Parameters:    Size  Location     Type
  prior           2  [STACK] unsigned int 
  f               2  [STACK] PTR FTN()void 
		 -> count_out(1), cover_bottle(1), check_level(1), fill_bottle(1), 
		 -> count_bottles(1), task_idle(1), 
 Auto vars:     Size  Location     Type
  new_task      110  [STACK] struct pcb
 Return value:  Size  Location     Type
                  1  [STACK] void 
 Registers used:
		wreg, fsr0l, fsr0h, fsr1l, fsr1h, fsr2l, fsr2h, status,2, status,0, btemp+8, btemp+9, btemp+10, btemp+11, prodl, prodh
 Tracked objects:
		On entry : 
		On exit  : 
		Unchanged: 
 Data sizes:     COMRAM   BANK0   BANK1   BANK2   BANK3   BANK4   BANK5
      Params:         0       0       0       0       0       0       0
      Locals:         0       0       0       0       0       0       0
      Temps:          0       0       0       0       0       0       0
      Totals:         0       0       0       0       0       0       0
Total ram usage:        0 bytes
 Hardware stack levels used:    1
 Hardware stack levels required when called:   10
 This function calls:
		Nothing
 This function is called by:
		_lunos_init
		_main
 This function uses a reentrant model


 *************** function _SRAMInitHeap *****************
 Defined at:
		line 313 in file "sralloc.c"
 Parameters:    Size  Location     Type
		None
 Auto vars:     Size  Location     Type
  count           2  [STACK] unsigned int 
  pHeap           2  [STACK] PTR unsigned char 
		 -> _uDynamicHeap(512), 
 Return value:  Size  Location     Type
                  1  [STACK] void 
 Registers used:
		wreg, fsr1l, fsr1h, fsr2l, fsr2h, status,2, status,0, btemp, btemp+8, btemp+9, btemp+10, btemp+11
 Tracked objects:
		On entry : 
		On exit  : 
		Unchanged: 
 Data sizes:     COMRAM   BANK0   BANK1   BANK2   BANK3   BANK4   BANK5
      Params:         0       0       0       0       0       0       0
      Locals:         0       0       0       0       0       0       0
      Temps:          0       0       0       0       0       0       0
      Totals:         0       0       0       0       0       0       0
Total ram usage:        0 bytes
 Hardware stack levels used:    1
 Hardware stack levels required when called:   10
 This function calls:
		Nothing
 This function is called by:
		_lunos_init
 This function uses a reentrant model


 *************** function _dispatcher *****************
 Defined at:
		line 66 in file "kernel.c"
 Parameters:    Size  Location     Type
  state           1  [STACK] enum E4
 Auto vars:     Size  Location     Type
		None
 Return value:  Size  Location     Type
                  1  [STACK] void 
 Registers used:
		wreg, fsr1l, fsr1h, fsr2l, fsr2h, status,2, status,0, btemp, btemp+1, btemp+6, btemp+7, btemp+8, btemp+9, btemp+10, btemp+11, prodl, prodh
 Tracked objects:
		On entry : 
		On exit  : 
		Unchanged: 
 Data sizes:     COMRAM   BANK0   BANK1   BANK2   BANK3   BANK4   BANK5
      Params:         0       0       0       0       0       0       0
      Locals:         0       0       0       0       0       0       0
      Temps:          0       0       0       0       0       0       0
      Totals:         0       0       0       0       0       0       0
Total ram usage:        0 bytes
 Hardware stack levels used:    1
 Hardware stack levels required when called:   13
 This function calls:
		_scheduler
 This function is called by:
		_main
		_sem_wait
 This function uses a reentrant model


 *************** function _scheduler *****************
 Defined at:
		line 58 in file "kernel.c"
 Parameters:    Size  Location     Type
		None
 Auto vars:     Size  Location     Type
		None
 Return value:  Size  Location     Type
                  2  [STACK] unsigned int 
 Registers used:
		wreg, fsr1l, fsr1h, fsr2l, fsr2h, status,2, status,0, btemp, btemp+1, btemp+8, btemp+9, btemp+10, btemp+11, prodl, prodh
 Tracked objects:
		On entry : 
		On exit  : 
		Unchanged: 
 Data sizes:     COMRAM   BANK0   BANK1   BANK2   BANK3   BANK4   BANK5
      Params:         0       0       0       0       0       0       0
      Locals:         0       0       0       0       0       0       0
      Temps:          0       0       0       0       0       0       0
      Totals:         0       0       0       0       0       0       0
Total ram usage:        0 bytes
 Hardware stack levels used:    1
 Hardware stack levels required when called:   12
 This function calls:
		_round_robin
 This function is called by:
		_dispatcher
 This function uses a reentrant model


 *************** function _round_robin *****************
 Defined at:
		line 78 in file "kernel.c"
 Parameters:    Size  Location     Type
		None
 Auto vars:     Size  Location     Type
  next_task_to    2  [STACK] int 
 Return value:  Size  Location     Type
                  2  [STACK] unsigned int 
 Registers used:
		wreg, fsr1l, fsr1h, fsr2l, fsr2h, status,2, status,0, btemp, btemp+1, btemp+8, btemp+9, btemp+10, btemp+11, prodl, prodh
 Tracked objects:
		On entry : 
		On exit  : 
		Unchanged: 
 Data sizes:     COMRAM   BANK0   BANK1   BANK2   BANK3   BANK4   BANK5
      Params:         0       0       0       0       0       0       0
      Locals:         0       0       0       0       0       0       0
      Temps:          0       0       0       0       0       0       0
      Totals:         0       0       0       0       0       0       0
Total ram usage:        0 bytes
 Hardware stack levels used:    1
 Hardware stack levels required when called:   11
 This function calls:
		___lwmod
 This function is called by:
		_ISR_timer0
		_scheduler
 This function uses a reentrant model


 *************** function ___lwmod *****************
 Defined at:
		line 7 in file "C:\Program Files (x86)\Microchip\xc8\v2.05\pic\sources\c99\common\lwmod.c"
 Parameters:    Size  Location     Type
  dividend        2  [STACK] unsigned int 
  divisor         2  [STACK] unsigned int 
 Auto vars:     Size  Location     Type
  counter         1  [STACK] unsigned char 
 Return value:  Size  Location     Type
                  2  [STACK] unsigned int 
 Registers used:
		wreg, fsr1l, fsr1h, status,2, status,0, btemp, btemp+1, btemp+8, btemp+9, btemp+10, btemp+11, prodl
 Tracked objects:
		On entry : 
		On exit  : 
		Unchanged: 
 Data sizes:     COMRAM   BANK0   BANK1   BANK2   BANK3   BANK4   BANK5
      Params:         0       0       0       0       0       0       0
      Locals:         0       0       0       0       0       0       0
      Temps:          0       0       0       0       0       0       0
      Totals:         0       0       0       0       0       0       0
Total ram usage:        0 bytes
 Hardware stack levels used:    1
 Hardware stack levels required when called:   10
 This function calls:
		Nothing
 This function is called by:
		_round_robin
		_sem_wait
		_sem_post
 This function uses a reentrant model


 *************** function _config_timer0 *****************
 Defined at:
		line 23 in file "int0_test.c"
 Parameters:    Size  Location     Type
		None
 Auto vars:     Size  Location     Type
		None
 Return value:  Size  Location     Type
                  1  [STACK] void 
 Registers used:
		wreg, status,2
 Tracked objects:
		On entry : 
		On exit  : 
		Unchanged: 
 Data sizes:     COMRAM   BANK0   BANK1   BANK2   BANK3   BANK4   BANK5
      Params:         0       0       0       0       0       0       0
      Locals:         0       0       0       0       0       0       0
      Temps:          0       0       0       0       0       0       0
      Totals:         0       0       0       0       0       0       0
Total ram usage:        0 bytes
 Hardware stack levels used:    1
 Hardware stack levels required when called:   10
 This function calls:
		Nothing
 This function is called by:
		_main
 This function uses a reentrant model


 *************** function _config_INT0 *****************
 Defined at:
		line 13 in file "int0_test.c"
 Parameters:    Size  Location     Type
		None
 Auto vars:     Size  Location     Type
		None
 Return value:  Size  Location     Type
                  1  [STACK] void 
 Registers used:
		None
 Tracked objects:
		On entry : 
		On exit  : 
		Unchanged: 
 Data sizes:     COMRAM   BANK0   BANK1   BANK2   BANK3   BANK4   BANK5
      Params:         0       0       0       0       0       0       0
      Locals:         0       0       0       0       0       0       0
      Temps:          0       0       0       0       0       0       0
      Totals:         0       0       0       0       0       0       0
Total ram usage:        0 bytes
 Hardware stack levels used:    1
 Hardware stack levels required when called:   10
 This function calls:
		Nothing
 This function is called by:
		_main
 This function uses a reentrant model


 *************** function _task_idle *****************
 Defined at:
		line 117 in file "kernel.c"
 Parameters:    Size  Location     Type
		None
 Auto vars:     Size  Location     Type
		None
 Return value:  Size  Location     Type
                  1  [STACK] void 
 Registers used:
		None
 Tracked objects:
		On entry : 
		On exit  : 
		Unchanged: 
 Data sizes:     COMRAM   BANK0   BANK1   BANK2   BANK3   BANK4   BANK5
      Params:         0       0       0       0       0       0       0
      Locals:         0       0       0       0       0       0       0
      Temps:          0       0       0       0       0       0       0
      Totals:         0       0       0       0       0       0       0
Total ram usage:        0 bytes
 Hardware stack levels used:    1
 Hardware stack levels required when called:    3
 This function calls:
		Nothing
 This function is called by:
		_lunos_init
 This function uses a reentrant model


 *************** function _count_bottles *****************
 Defined at:
		line 44 in file "tasks.c"
 Parameters:    Size  Location     Type
		None
 Auto vars:     Size  Location     Type
  bottle          1  [STACK] struct .
 Return value:  Size  Location     Type
                  1  [STACK] void 
 Registers used:
		wreg, fsr0l, fsr0h, fsr1l, fsr1h, fsr2l, fsr2h, status,2, status,0, btemp, btemp+1, btemp+6, btemp+7, btemp+8, btemp+9, btemp+10, btemp+11, prodl, prodh
 Tracked objects:
		On entry : 
		On exit  : 
		Unchanged: 
 Data sizes:     COMRAM   BANK0   BANK1   BANK2   BANK3   BANK4   BANK5
      Params:         0       0       0       0       0       0       0
      Locals:         0       0       0       0       0       0       0
      Temps:          0       0       0       0       0       0       0
      Totals:         0       0       0       0       0       0       0
Total ram usage:        0 bytes
 Hardware stack levels used:    1
 Hardware stack levels required when called:    8
 This function calls:
		_sem_post
		_sem_wait
 This function is called by:
		_main
 This function uses a reentrant model


 *************** function _sem_wait *****************
 Defined at:
		line 20 in file "semaphore.c"
 Parameters:    Size  Location     Type
  s               2  [STACK] PTR struct semaphore
		 -> out_sem(16), cover_sem(16), check_sem(16), fill_sem(16), 
		 -> count_sem(16), 
 Auto vars:     Size  Location     Type
		None
 Return value:  Size  Location     Type
                  1  [STACK] void 
 Registers used:
		wreg, fsr0l, fsr0h, fsr1l, fsr1h, fsr2l, fsr2h, status,2, status,0, btemp, btemp+1, btemp+6, btemp+7, btemp+8, btemp+9, btemp+10, btemp+11, prodl, prodh
 Tracked objects:
		On entry : 
		On exit  : 
		Unchanged: 
 Data sizes:     COMRAM   BANK0   BANK1   BANK2   BANK3   BANK4   BANK5
      Params:         0       0       0       0       0       0       0
      Locals:         0       0       0       0       0       0       0
      Temps:          0       0       0       0       0       0       0
      Totals:         0       0       0       0       0       0       0
Total ram usage:        0 bytes
 Hardware stack levels used:    1
 Hardware stack levels required when called:    7
 This function calls:
		___lwmod
		_dispatcher
 This function is called by:
		_pipe_write
		_pipe_read
		_count_bottles
		_fill_bottle
		_check_level
		_cover_bottle
		_count_out
 This function uses a reentrant model


 *************** function _sem_post *****************
 Defined at:
		line 33 in file "semaphore.c"
 Parameters:    Size  Location     Type
  s               2  [STACK] PTR struct semaphore
		 -> out_sem(16), cover_sem(16), check_sem(16), fill_sem(16), 
		 -> count_sem(16), 
 Auto vars:     Size  Location     Type
		None
 Return value:  Size  Location     Type
                  1  [STACK] void 
 Registers used:
		wreg, fsr1l, fsr1h, fsr2l, fsr2h, status,2, status,0, btemp, btemp+1, btemp+8, btemp+9, btemp+10, btemp+11, prodl, prodh
 Tracked objects:
		On entry : 
		On exit  : 
		Unchanged: 
 Data sizes:     COMRAM   BANK0   BANK1   BANK2   BANK3   BANK4   BANK5
      Params:         0       0       0       0       0       0       0
      Locals:         0       0       0       0       0       0       0
      Temps:          0       0       0       0       0       0       0
      Totals:         0       0       0       0       0       0       0
Total ram usage:        0 bytes
 Hardware stack levels used:    1
 Hardware stack levels required when called:    4
 This function calls:
		___lwmod
 This function is called by:
		_pipe_write
		_pipe_read
		_count_bottles
		_fill_bottle
		_check_level
		_cover_bottle
		_count_out
 This function uses a reentrant model


 *************** function _fill_bottle *****************
 Defined at:
		line 60 in file "tasks.c"
 Parameters:    Size  Location     Type
		None
 Auto vars:     Size  Location     Type
		None
 Return value:  Size  Location     Type
                  1  [STACK] void 
 Registers used:
		wreg, fsr0l, fsr0h, fsr1l, fsr1h, fsr2l, fsr2h, status,2, status,0, btemp, btemp+1, btemp+6, btemp+7, btemp+8, btemp+9, btemp+10, btemp+11, prodl, prodh
 Tracked objects:
		On entry : 
		On exit  : 
		Unchanged: 
 Data sizes:     COMRAM   BANK0   BANK1   BANK2   BANK3   BANK4   BANK5
      Params:         0       0       0       0       0       0       0
      Locals:         0       0       0       0       0       0       0
      Temps:          0       0       0       0       0       0       0
      Totals:         0       0       0       0       0       0       0
Total ram usage:        0 bytes
 Hardware stack levels used:    1
 Hardware stack levels required when called:    8
 This function calls:
		_sem_post
		_sem_wait
 This function is called by:
		_main
 This function uses a reentrant model


 *************** function _check_level *****************
 Defined at:
		line 72 in file "tasks.c"
 Parameters:    Size  Location     Type
		None
 Auto vars:     Size  Location     Type
		None
 Return value:  Size  Location     Type
                  1  [STACK] void 
 Registers used:
		wreg, fsr0l, fsr0h, fsr1l, fsr1h, fsr2l, fsr2h, status,2, status,0, btemp, btemp+1, btemp+6, btemp+7, btemp+8, btemp+9, btemp+10, btemp+11, prodl, prodh
 Tracked objects:
		On entry : 
		On exit  : 
		Unchanged: 
 Data sizes:     COMRAM   BANK0   BANK1   BANK2   BANK3   BANK4   BANK5
      Params:         0       0       0       0       0       0       0
      Locals:         0       0       0       0       0       0       0
      Temps:          0       0       0       0       0       0       0
      Totals:         0       0       0       0       0       0       0
Total ram usage:        0 bytes
 Hardware stack levels used:    1
 Hardware stack levels required when called:    8
 This function calls:
		_sem_post
		_sem_wait
 This function is called by:
		_main
 This function uses a reentrant model


 *************** function _cover_bottle *****************
 Defined at:
		line 98 in file "tasks.c"
 Parameters:    Size  Location     Type
		None
 Auto vars:     Size  Location     Type
  i               2  [STACK] int 
  count           2  [STACK] int 
 Return value:  Size  Location     Type
                  1  [STACK] void 
 Registers used:
		wreg, fsr0l, fsr0h, fsr1l, fsr1h, fsr2l, fsr2h, status,2, status,0, btemp, btemp+1, btemp+6, btemp+7, btemp+8, btemp+9, btemp+10, btemp+11, prodl, prodh
 Tracked objects:
		On entry : 
		On exit  : 
		Unchanged: 
 Data sizes:     COMRAM   BANK0   BANK1   BANK2   BANK3   BANK4   BANK5
      Params:         0       0       0       0       0       0       0
      Locals:         0       0       0       0       0       0       0
      Temps:          0       0       0       0       0       0       0
      Totals:         0       0       0       0       0       0       0
Total ram usage:        0 bytes
 Hardware stack levels used:    1
 Hardware stack levels required when called:    9
 This function calls:
		_pipe_write
		_sem_post
		_sem_wait
 This function is called by:
		_main
 This function uses a reentrant model


 *************** function _pipe_write *****************
 Defined at:
		line 18 in file "pipe.c"
 Parameters:    Size  Location     Type
  p               2  [STACK] PTR struct pipe
		 -> p(12), 
  data            2  [STACK] unsigned int 
 Auto vars:     Size  Location     Type
		None
 Return value:  Size  Location     Type
                  1  [STACK] void 
 Registers used:
		wreg, fsr0l, fsr0h, fsr1l, fsr1h, fsr2l, fsr2h, status,2, status,0, btemp, btemp+1, btemp+6, btemp+7, btemp+8, btemp+9, btemp+10, btemp+11, prodl, prodh
 Tracked objects:
		On entry : 
		On exit  : 
		Unchanged: 
 Data sizes:     COMRAM   BANK0   BANK1   BANK2   BANK3   BANK4   BANK5
      Params:         0       0       0       0       0       0       0
      Locals:         0       0       0       0       0       0       0
      Temps:          0       0       0       0       0       0       0
      Totals:         0       0       0       0       0       0       0
Total ram usage:        0 bytes
 Hardware stack levels used:    1
 Hardware stack levels required when called:    8
 This function calls:
		_sem_post
		_sem_wait
 This function is called by:
		_cover_bottle
 This function uses a reentrant model


 *************** function _count_out *****************
 Defined at:
		line 133 in file "tasks.c"
 Parameters:    Size  Location     Type
		None
 Auto vars:     Size  Location     Type
  pip             1  [STACK] unsigned char 
 Return value:  Size  Location     Type
                  1  [STACK] void 
 Registers used:
		wreg, fsr0l, fsr0h, fsr1l, fsr1h, fsr2l, fsr2h, status,2, status,0, btemp, btemp+1, btemp+6, btemp+7, btemp+8, btemp+9, btemp+10, btemp+11, prodl, prodh
 Tracked objects:
		On entry : 
		On exit  : 
		Unchanged: 
 Data sizes:     COMRAM   BANK0   BANK1   BANK2   BANK3   BANK4   BANK5
      Params:         0       0       0       0       0       0       0
      Locals:         0       0       0       0       0       0       0
      Temps:          0       0       0       0       0       0       0
      Totals:         0       0       0       0       0       0       0
Total ram usage:        0 bytes
 Hardware stack levels used:    1
 Hardware stack levels required when called:    9
 This function calls:
		_pipe_read
		_sem_post
		_sem_wait
 This function is called by:
		_main
 This function uses a reentrant model


 *************** function _pipe_read *****************
 Defined at:
		line 27 in file "pipe.c"
 Parameters:    Size  Location     Type
  p               2  [STACK] PTR struct pipe
		 -> p(12), 
  data            2  [STACK] PTR unsigned int 
		 -> pip(1), 
 Auto vars:     Size  Location     Type
		None
 Return value:  Size  Location     Type
                  1  [STACK] void 
 Registers used:
		wreg, fsr0l, fsr0h, fsr1l, fsr1h, fsr2l, fsr2h, status,2, status,0, btemp, btemp+1, btemp+6, btemp+7, btemp+8, btemp+9, btemp+10, btemp+11, prodl, prodh
 Tracked objects:
		On entry : 
		On exit  : 
		Unchanged: 
 Data sizes:     COMRAM   BANK0   BANK1   BANK2   BANK3   BANK4   BANK5
      Params:         0       0       0       0       0       0       0
      Locals:         0       0       0       0       0       0       0
      Temps:          0       0       0       0       0       0       0
      Totals:         0       0       0       0       0       0       0
Total ram usage:        0 bytes
 Hardware stack levels used:    1
 Hardware stack levels required when called:    8
 This function calls:
		_sem_post
		_sem_wait
 This function is called by:
		_count_out
 This function uses a reentrant model


 *************** function _ISR_timer0 *****************
 Defined at:
		line 56 in file "int0_test.c"
 Parameters:    Size  Location     Type
		None
 Auto vars:     Size  Location     Type
		None
 Return value:  Size  Location     Type
                  1    wreg      void 
 Registers used:
		wreg, fsr1l, fsr1h, fsr2l, fsr2h, status,2, status,0, btemp, btemp+1, btemp+8, btemp+9, btemp+10, btemp+11, prodl, prodh
 Tracked objects:
		On entry : 
		On exit  : 
		Unchanged: 
 Data sizes:     COMRAM   BANK0   BANK1   BANK2   BANK3   BANK4   BANK5
      Params:         0       0       0       0       0       0       0
      Locals:         0       0       0       0       0       0       0
      Temps:         14       0       0       0       0       0       0
      Totals:        14       0       0       0       0       0       0
Total ram usage:       14 bytes
 Hardware stack levels used:    1
 Hardware stack levels required when called:    2
 This function calls:
		___wmul
		_delay_decrement
		_round_robin
 This function is called by:
		Interrupt level 2
 This function uses a non-reentrant model


 *************** function _delay_decrement *****************
 Defined at:
		line 101 in file "kernel.c"
 Parameters:    Size  Location     Type
		None
 Auto vars:     Size  Location     Type
  i               2  [STACK] int 
 Return value:  Size  Location     Type
                  1  [STACK] void 
 Registers used:
		wreg, fsr1l, fsr1h, fsr2l, fsr2h, status,2, status,0, btemp, btemp+8, btemp+9, btemp+10, btemp+11, prodl, prodh
 Tracked objects:
		On entry : 
		On exit  : 
		Unchanged: 
 Data sizes:     COMRAM   BANK0   BANK1   BANK2   BANK3   BANK4   BANK5
      Params:         0       0       0       0       0       0       0
      Locals:         0       0       0       0       0       0       0
      Temps:          0       0       0       0       0       0       0
      Totals:         0       0       0       0       0       0       0
Total ram usage:        0 bytes
 Hardware stack levels used:    1
 This function calls:
		Nothing
 This function is called by:
		_ISR_timer0
 This function uses a reentrant model


 *************** function ___wmul *****************
 Defined at:
		line 15 in file "C:\Program Files (x86)\Microchip\xc8\v2.05\pic\sources\c99\common\Umul16.c"
 Parameters:    Size  Location     Type
  multiplier      2  [STACK] unsigned int 
  multiplicand    2  [STACK] unsigned int 
 Auto vars:     Size  Location     Type
  product         2  [STACK] unsigned int 
 Return value:  Size  Location     Type
                  2  [STACK] unsigned int 
 Registers used:
		wreg, fsr1l, fsr1h, fsr2l, fsr2h, status,2, status,0, btemp, btemp+1, btemp+11, prodl, prodh
 Tracked objects:
		On entry : 
		On exit  : 
		Unchanged: 
 Data sizes:     COMRAM   BANK0   BANK1   BANK2   BANK3   BANK4   BANK5
      Params:         0       0       0       0       0       0       0
      Locals:         0       0       0       0       0       0       0
      Temps:          0       0       0       0       0       0       0
      Totals:         0       0       0       0       0       0       0
Total ram usage:        0 bytes
 Hardware stack levels used:    1
 This function calls:
		Nothing
 This function is called by:
		_ISR_timer0
 This function uses a reentrant model



MODULE INFORMATION

Module		Function		Class		Link	Load	Size
semaphore.c
		_sem_wait      		CODE           	0FC8	0000	225
		_sem_init      		CODE           	145A	0000	113
		_sem_post      		CODE           	0DC4	0000	259

semaphore.c estimated size: 597

C:\Program Files (x86)\Microchip\xc8\v2.05\pic\sources\c99\common\lwmod.c
		___lwmod       		CODE           	1176	0000	189

C:\Program Files (x86)\Microchip\xc8\v2.05\pic\sources\c99\common\lwmod.c estimated size: 189

sralloc.c
		_SRAMInitHeap  		CODE           	10A8	0000	207

sralloc.c estimated size: 207

int0_test.c
		_ISR_timer0    		CODE           	0008	0000	1229
		_config_INT0   		CODE           	1682	0000	17
		_config_timer0 		CODE           	1670	0000	19

int0_test.c estimated size: 1265

tasks.c
		_count_out     		CODE           	15D2	0000	65
		_cover_bottle  		CODE           	0EC6	0000	259
		_count_bottles 		CODE           	14CA	0000	113
		_check_level   		CODE           	153A	0000	79
		_user_conf     		CODE           	1358	0000	133
		_fill_bottle   		CODE           	1644	0000	45

tasks.c estimated size: 694

kernel.c
		_delay_decrement		CODE           	0996	0000	273
		_scheduler     		CODE           	1692	0000	7
		_round_robin   		CODE           	12C8	0000	145
		_dispatcher    		CODE           	04DC	0000	1211
		_lunos_createTask		CODE           	0AA6	0000	269
		_lunos_init    		CODE           	1612	0000	51
		_task_idle     		CODE           	1698	0000	5

kernel.c estimated size: 1961

shared
		__initialization		CODE           	1588	0000	69

shared estimated size: 69

C:\Program Files (x86)\Microchip\xc8\v2.05\pic\sources\c99\common\Umul16.c
		___wmul        		CODE           	1232	0000	151

C:\Program Files (x86)\Microchip\xc8\v2.05\pic\sources\c99\common\Umul16.c estimated size: 151

pipe.c
		_pipe_read     		CODE           	0CBC	0000	265
		_pipe_write    		CODE           	0BB2	0000	267

pipe.c estimated size: 532

main.c
		_main          		CODE           	13DC	0000	127

main.c estimated size: 127

